// Jest Snapshot v1, https://goo.gl/fbAQLP

exports[`should match snapshot 1`] = `
Object {
  "message": "Provide a longer description of the change:
 ",
  "name": "body",
  "type": "input",
}
`;
