// Jest Snapshot v1, https://goo.gl/fbAQLP

exports[`should match snapshot 1`] = `
Object {
  "message": "List any breaking changes
  [31mBREAKING CHANGE[39m:",
  "name": "breaking",
  "type": "input",
}
`;
